{"evidence_metadata": {"git_commit": "6f8e0e6606ee05ba58bff11e97fd483d89db50e9", "git_tree": "1b026661f74bf211e857131d015c86c56dec7810", "produced_by": "scripts/packets/scp2_3_film_room_e2e.py", "producing_script_sha256": "e35372e8b9d79da58b193537003ec0b52bc9e429a6cdc4863b1ce0e3c584ea2e", "run_started_at": "2026-07-06T06:23:02+00:00", "schema_version": "scp2_3.evidence_metadata.v1"}}
Prewarming Film Room flagship delivery/packets/r2-2-flagship/fragile_retention_rate_v0.json...
Prewarmed Film Room flagship delivery/packets/r2-2-flagship/fragile_retention_rate_v0.json: cache_statuses=MISS,MISS returned_results=40 elapsed_ms=476363
Prewarming Film Room flagship delivery/packets/r2-4-flagship/counterattack_initiation_v0.json...
Prewarmed Film Room flagship delivery/packets/r2-4-flagship/counterattack_initiation_v0.json: cache_statuses=MISS,MISS returned_results=1 elapsed_ms=358619
Workbench Alpha host service: http://127.0.0.1:62171
Static root: apps/workbench-alpha/dist
Output root: /private/tmp/scp2-3-film-room-workshop-runs/2026-07-06T062302Z0000-e35372e8b9d7
hermes_diagnostic={"details": {"cwd": {"executable": true, "exists": true, "is_symlink": false, "path": "/Users/luisrevilla/code/priori"}, "hermes": {"executable": true, "exists": true, "is_symlink": true, "path": "/Users/luisrevilla/.local/bin/hermes"}, "python": {"executable": true, "exists": true, "is_symlink": true, "path": "/Users/luisrevilla/.local/src/hermes-agent/venv/bin/python3"}, "pythonpath_entries": 3, "subcommand": "interpret", "workshop_output_root": "<local-dev-path>"}, "event": "subprocess_start"}
hermes_diagnostic={"details": {"returncode": 0, "stderr_prefix": "", "stdout_prefix": "{\"exit_code\": 0, \"ok\": true, \"stderr\": \"\", \"stdout\": \"{\\\"outcome\\\":\\\"expression\\\",\\\"expression\\\":{\\\"schema_version\\\":\\\"meaning_expression.v0\\\",\\\"expression_id\\\":\\\"counterattack_initiation_sequence_rate\\\",\\\"concept_identity\\\":\\\"counterattack", "subcommand": "interpret"}, "event": "subprocess_complete"}
----------------------------------------
Exception occurred during processing of request from ('127.0.0.1', 63085)
Traceback (most recent call last):
  File "/opt/homebrew/Cellar/python@3.12/3.12.9/Frameworks/Python.framework/Versions/3.12/lib/python3.12/socketserver.py", line 697, in process_request_thread
    self.finish_request(request, client_address)
  File "/opt/homebrew/Cellar/python@3.12/3.12.9/Frameworks/Python.framework/Versions/3.12/lib/python3.12/socketserver.py", line 362, in finish_request
    self.RequestHandlerClass(request, client_address, self)
  File "/opt/homebrew/Cellar/python@3.12/3.12.9/Frameworks/Python.framework/Versions/3.12/lib/python3.12/socketserver.py", line 766, in __init__
    self.handle()
  File "/opt/homebrew/Cellar/python@3.12/3.12.9/Frameworks/Python.framework/Versions/3.12/lib/python3.12/http/server.py", line 436, in handle
    self.handle_one_request()
  File "/opt/homebrew/Cellar/python@3.12/3.12.9/Frameworks/Python.framework/Versions/3.12/lib/python3.12/http/server.py", line 424, in handle_one_request
    method()
  File "/Users/luisrevilla/code/priori/src/tqe/workshop/app_service.py", line 4847, in do_GET
    self.send_json(
  File "/Users/luisrevilla/code/priori/src/tqe/workshop/app_service.py", line 4603, in send_json
    self.wfile.write(body)
  File "/opt/homebrew/Cellar/python@3.12/3.12.9/Frameworks/Python.framework/Versions/3.12/lib/python3.12/socketserver.py", line 845, in write
    self._sock.sendall(b)
BrokenPipeError: [Errno 32] Broken pipe
----------------------------------------
